Archive member included because of file (symbol)

c:/program files/winavr/bin/../lib/gcc/avr/4.3.2/avr5\libgcc.a(_udivmodsi4.o)
                              I2C.o (__udivmodsi4)
c:/program files/winavr/bin/../lib/gcc/avr/4.3.2/avr5\libgcc.a(_exit.o)
                              c:/program files/winavr/bin/../lib/gcc/avr/4.3.2/../../../../avr/lib/avr5/crtm328p.o (exit)
c:/program files/winavr/bin/../lib/gcc/avr/4.3.2/avr5\libgcc.a(_copy_data.o)
                              I2CCmd.o (__do_copy_data)
c:/program files/winavr/bin/../lib/gcc/avr/4.3.2/avr5\libgcc.a(_clear_bss.o)
                              I2CCmd.o (__do_clear_bss)
c:/program files/winavr/bin/../lib/gcc/avr/4.3.2/../../../../avr/lib/avr5\libc.a(isalpha.o)
                              GetLine.o (isalpha)
c:/program files/winavr/bin/../lib/gcc/avr/4.3.2/../../../../avr/lib/avr5\libc.a(isxdigit.o)
                              I2CCmd.o (isxdigit)
c:/program files/winavr/bin/../lib/gcc/avr/4.3.2/../../../../avr/lib/avr5\libc.a(tolower.o)
                              I2CCmd.o (tolower)
c:/program files/winavr/bin/../lib/gcc/avr/4.3.2/../../../../avr/lib/avr5\libc.a(toupper.o)
                              I2CCmd.o (toupper)
c:/program files/winavr/bin/../lib/gcc/avr/4.3.2/../../../../avr/lib/avr5\libc.a(memset.o)
                              I2CCmd.o (memset)
c:/program files/winavr/bin/../lib/gcc/avr/4.3.2/../../../../avr/lib/avr5\libc.a(strchr.o)
                              Parse.o (strchr)
c:/program files/winavr/bin/../lib/gcc/avr/4.3.2/../../../../avr/lib/avr5\libc.a(strcpy.o)
                              GetLine.o (strcpy)
c:/program files/winavr/bin/../lib/gcc/avr/4.3.2/../../../../avr/lib/avr5\libc.a(cty_isfalse.o)
                              c:/program files/winavr/bin/../lib/gcc/avr/4.3.2/../../../../avr/lib/avr5\libc.a(isalpha.o) (__ctype_isfalse)

Allocating common symbols
Common symbol       size              file

Value               0x1               I2CCmd.o
Status              0x1               I2CCmd.o
nBytes              0x1               I2CCmd.o
Reg                 0x1               I2CCmd.o
Token               0x2               I2CCmd.o
nSlaves             0x1               I2CCmd.o
Buffer              0xf0              I2CCmd.o
SlaveAddr           0x1               I2CCmd.o

Memory Configuration

Name             Origin             Length             Attributes
text             0x00000000         0x00020000         xr
data             0x00800060         0x0000ffa0         rw !x
eeprom           0x00810000         0x00010000         rw !x
fuse             0x00820000         0x00000400         rw !x
lock             0x00830000         0x00000400         rw !x
signature        0x00840000         0x00000400         rw !x
*default*        0x00000000         0xffffffff

Linker script and memory map

Address of section .data set to 0x800100
LOAD c:/program files/winavr/bin/../lib/gcc/avr/4.3.2/../../../../avr/lib/avr5/crtm328p.o
LOAD I2CCmd.o
LOAD UART.o
LOAD GetLine.o
LOAD I2C.o
LOAD Parse.o
LOAD Serial.o
LOAD c:/program files/winavr/bin/../lib/gcc/avr/4.3.2/avr5\libgcc.a
LOAD c:/program files/winavr/bin/../lib/gcc/avr/4.3.2/../../../../avr/lib/avr5\libc.a
LOAD c:/program files/winavr/bin/../lib/gcc/avr/4.3.2/avr5\libgcc.a

.hash
 *(.hash)

.dynsym
 *(.dynsym)

.dynstr
 *(.dynstr)

.gnu.version
 *(.gnu.version)

.gnu.version_d
 *(.gnu.version_d)

.gnu.version_r
 *(.gnu.version_r)

.rel.init
 *(.rel.init)

.rela.init
 *(.rela.init)

.rel.text
 *(.rel.text)
 *(.rel.text.*)
 *(.rel.gnu.linkonce.t*)

.rela.text
 *(.rela.text)
 *(.rela.text.*)
 *(.rela.gnu.linkonce.t*)

.rel.fini
 *(.rel.fini)

.rela.fini
 *(.rela.fini)

.rel.rodata
 *(.rel.rodata)
 *(.rel.rodata.*)
 *(.rel.gnu.linkonce.r*)

.rela.rodata
 *(.rela.rodata)
 *(.rela.rodata.*)
 *(.rela.gnu.linkonce.r*)

.rel.data
 *(.rel.data)
 *(.rel.data.*)
 *(.rel.gnu.linkonce.d*)

.rela.data
 *(.rela.data)
 *(.rela.data.*)
 *(.rela.gnu.linkonce.d*)

.rel.ctors
 *(.rel.ctors)

.rela.ctors
 *(.rela.ctors)

.rel.dtors
 *(.rel.dtors)

.rela.dtors
 *(.rela.dtors)

.rel.got
 *(.rel.got)

.rela.got
 *(.rela.got)

.rel.bss
 *(.rel.bss)

.rela.bss
 *(.rela.bss)

.rel.plt
 *(.rel.plt)

.rela.plt
 *(.rela.plt)

.text           0x00000000      0xefc
 *(.vectors)
 .vectors       0x00000000       0x68 c:/program files/winavr/bin/../lib/gcc/avr/4.3.2/../../../../avr/lib/avr5/crtm328p.o
                0x00000000                __vectors
                0x00000000                __vector_default
 *(.vectors)
 *(.progmem.gcc*)
 *(.progmem*)
 .progmem.data  0x00000068       0x22 I2CCmd.o
 .progmem.data  0x0000008a        0x4 GetLine.o
 .progmem.data  0x0000008e       0x18 Serial.o
                0x000000a6                . = ALIGN (0x2)
                0x000000a6                __trampolines_start = .
 *(.trampolines)
 .trampolines   0x000000a6        0x0 linker stubs
 *(.trampolines*)
                0x000000a6                __trampolines_end = .
 *(.jumptables)
 *(.jumptables*)
 *(.lowtext)
 *(.lowtext*)
                0x000000a6                __ctors_start = .
 *(.ctors)
                0x000000a6                __ctors_end = .
                0x000000a6                __dtors_start = .
 *(.dtors)
                0x000000a6                __dtors_end = .
 SORT(*)(.ctors)
 SORT(*)(.dtors)
 *(.init0)
 .init0         0x000000a6        0x0 c:/program files/winavr/bin/../lib/gcc/avr/4.3.2/../../../../avr/lib/avr5/crtm328p.o
                0x000000a6                __init
 *(.init0)
 *(.init1)
 *(.init1)
 *(.init2)
 .init2         0x000000a6        0xc c:/program files/winavr/bin/../lib/gcc/avr/4.3.2/../../../../avr/lib/avr5/crtm328p.o
 *(.init2)
 *(.init3)
 *(.init3)
 *(.init4)
 .init4         0x000000b2       0x16 c:/program files/winavr/bin/../lib/gcc/avr/4.3.2/avr5\libgcc.a(_copy_data.o)
                0x000000b2                __do_copy_data
 .init4         0x000000c8       0x10 c:/program files/winavr/bin/../lib/gcc/avr/4.3.2/avr5\libgcc.a(_clear_bss.o)
                0x000000c8                __do_clear_bss
 *(.init4)
 *(.init5)
 *(.init5)
 *(.init6)
 *(.init6)
 *(.init7)
 *(.init7)
 *(.init8)
 *(.init8)
 *(.init9)
 .init9         0x000000d8        0x8 c:/program files/winavr/bin/../lib/gcc/avr/4.3.2/../../../../avr/lib/avr5/crtm328p.o
 *(.init9)
 *(.text)
 .text          0x000000e0        0x4 c:/program files/winavr/bin/../lib/gcc/avr/4.3.2/../../../../avr/lib/avr5/crtm328p.o
                0x000000e0                __vector_22
                0x000000e0                __vector_1
                0x000000e0                __vector_12
                0x000000e0                __bad_interrupt
                0x000000e0                __vector_6
                0x000000e0                __vector_3
                0x000000e0                __vector_23
                0x000000e0                __vector_25
                0x000000e0                __vector_11
                0x000000e0                __vector_13
                0x000000e0                __vector_17
                0x000000e0                __vector_7
                0x000000e0                __vector_5
                0x000000e0                __vector_4
                0x000000e0                __vector_9
                0x000000e0                __vector_2
                0x000000e0                __vector_21
                0x000000e0                __vector_15
                0x000000e0                __vector_8
                0x000000e0                __vector_14
                0x000000e0                __vector_10
                0x000000e0                __vector_16
                0x000000e0                __vector_20
 .text          0x000000e4      0x578 I2CCmd.o
                0x000002e0                SerialCommand
                0x0000061c                main
 .text          0x0000065c      0x168 UART.o
                0x00000734                __vector_19
                0x00000786                UARTInit
                0x0000065c                PutUARTByte
                0x0000069c                GetUARTByte
                0x000006d6                UARTBusy
                0x000006e8                __vector_18
 .text          0x000007c4      0x18a GetLine.o
                0x000008d6                StrEQ
                0x000007c6                Prompt
                0x000008ba                GetLineInit
                0x000007d8                ProcessSerialInput
                0x000007c4                PlotCursor
 .text          0x0000094e      0x246 I2C.o
                0x00000976                GetI2C
                0x000009ac                I2CStatus
                0x000009b2                __vector_24
                0x0000094e                PutI2C
                0x0000099c                I2CBusy
                0x00000ae6                I2CInit
 .text          0x00000b94       0xac Parse.o
                0x00000b9e                ParseToken
                0x00000b94                ParseInit
 .text          0x00000c40      0x1f4 Serial.o
                0x00000c8c                PrintH
                0x00000df0                PrintCRLF
                0x00000e1a                PrintString
                0x00000c52                PrintB
                0x00000c40                PrintChar
                0x00000dfe                PrintStringP
                0x00000cc0                PrintD
 .text          0x00000e34        0x0 c:/program files/winavr/bin/../lib/gcc/avr/4.3.2/avr5\libgcc.a(_udivmodsi4.o)
 .text          0x00000e34        0x0 c:/program files/winavr/bin/../lib/gcc/avr/4.3.2/avr5\libgcc.a(_exit.o)
 .text          0x00000e34        0x0 c:/program files/winavr/bin/../lib/gcc/avr/4.3.2/avr5\libgcc.a(_copy_data.o)
 .text          0x00000e34        0x0 c:/program files/winavr/bin/../lib/gcc/avr/4.3.2/avr5\libgcc.a(_clear_bss.o)
 .text          0x00000e34        0x0 c:/program files/winavr/bin/../lib/gcc/avr/4.3.2/../../../../avr/lib/avr5\libc.a(isalpha.o)
 .text          0x00000e34        0x0 c:/program files/winavr/bin/../lib/gcc/avr/4.3.2/../../../../avr/lib/avr5\libc.a(isxdigit.o)
 .text          0x00000e34        0x0 c:/program files/winavr/bin/../lib/gcc/avr/4.3.2/../../../../avr/lib/avr5\libc.a(tolower.o)
 .text          0x00000e34        0x0 c:/program files/winavr/bin/../lib/gcc/avr/4.3.2/../../../../avr/lib/avr5\libc.a(toupper.o)
 .text          0x00000e34        0xe c:/program files/winavr/bin/../lib/gcc/avr/4.3.2/../../../../avr/lib/avr5\libc.a(memset.o)
                0x00000e34                memset
 .text          0x00000e42       0x16 c:/program files/winavr/bin/../lib/gcc/avr/4.3.2/../../../../avr/lib/avr5\libc.a(strchr.o)
                0x00000e42                strchr
 .text          0x00000e58        0xe c:/program files/winavr/bin/../lib/gcc/avr/4.3.2/../../../../avr/lib/avr5\libc.a(strcpy.o)
                0x00000e58                strcpy
 .text          0x00000e66        0x0 c:/program files/winavr/bin/../lib/gcc/avr/4.3.2/../../../../avr/lib/avr5\libc.a(cty_isfalse.o)
                0x00000e66                . = ALIGN (0x2)
 *(.text.*)
 .text.libgcc   0x00000e66       0x44 c:/program files/winavr/bin/../lib/gcc/avr/4.3.2/avr5\libgcc.a(_udivmodsi4.o)
                0x00000e66                __udivmodsi4
 .text.libgcc   0x00000eaa        0x0 c:/program files/winavr/bin/../lib/gcc/avr/4.3.2/avr5\libgcc.a(_exit.o)
 .text.libgcc   0x00000eaa        0x0 c:/program files/winavr/bin/../lib/gcc/avr/4.3.2/avr5\libgcc.a(_copy_data.o)
 .text.libgcc   0x00000eaa        0x0 c:/program files/winavr/bin/../lib/gcc/avr/4.3.2/avr5\libgcc.a(_clear_bss.o)
 .text.ctype    0x00000eaa       0x12 c:/program files/winavr/bin/../lib/gcc/avr/4.3.2/../../../../avr/lib/avr5\libc.a(isalpha.o)
                0x00000eb0                islower
                0x00000eaa                isupper
                0x00000eae                isalpha
 .text.ctype    0x00000ebc       0x16 c:/program files/winavr/bin/../lib/gcc/avr/4.3.2/../../../../avr/lib/avr5\libc.a(isxdigit.o)
                0x00000ebc                isxdigit
 .text.ctype    0x00000ed2       0x10 c:/program files/winavr/bin/../lib/gcc/avr/4.3.2/../../../../avr/lib/avr5\libc.a(tolower.o)
                0x00000ed2                tolower
 .text.ctype    0x00000ee2       0x10 c:/program files/winavr/bin/../lib/gcc/avr/4.3.2/../../../../avr/lib/avr5\libc.a(toupper.o)
                0x00000ee2                toupper
 .text.ctype    0x00000ef2        0x6 c:/program files/winavr/bin/../lib/gcc/avr/4.3.2/../../../../avr/lib/avr5\libc.a(cty_isfalse.o)
                0x00000ef6                __ctype_istrue
                0x00000ef2                __ctype_isfalse
                0x00000ef8                . = ALIGN (0x2)
 *(.fini9)
 .fini9         0x00000ef8        0x0 c:/program files/winavr/bin/../lib/gcc/avr/4.3.2/avr5\libgcc.a(_exit.o)
                0x00000ef8                exit
                0x00000ef8                _exit
 *(.fini9)
 *(.fini8)
 *(.fini8)
 *(.fini7)
 *(.fini7)
 *(.fini6)
 *(.fini6)
 *(.fini5)
 *(.fini5)
 *(.fini4)
 *(.fini4)
 *(.fini3)
 *(.fini3)
 *(.fini2)
 *(.fini2)
 *(.fini1)
 *(.fini1)
 *(.fini0)
 .fini0         0x00000ef8        0x4 c:/program files/winavr/bin/../lib/gcc/avr/4.3.2/avr5\libgcc.a(_exit.o)
 *(.fini0)
                0x00000efc                _etext = .

.data           0x00800100      0x3da load address 0x00000efc
                0x00800100                PROVIDE (__data_start, .)
 *(.data)
 .data          0x00800100        0x0 c:/program files/winavr/bin/../lib/gcc/avr/4.3.2/../../../../avr/lib/avr5/crtm328p.o
 .data          0x00800100      0x3ce I2CCmd.o
                0x00800455                OurAddr
                0x008004c0                StatusText
 .data          0x008004ce        0x0 UART.o
 .data          0x008004ce        0x8 GetLine.o
 .data          0x008004d6        0x0 I2C.o
 .data          0x008004d6        0x3 Parse.o
 .data          0x008004d9        0x0 Serial.o
 .data          0x008004d9        0x0 c:/program files/winavr/bin/../lib/gcc/avr/4.3.2/avr5\libgcc.a(_udivmodsi4.o)
 .data          0x008004d9        0x0 c:/program files/winavr/bin/../lib/gcc/avr/4.3.2/avr5\libgcc.a(_exit.o)
 .data          0x008004d9        0x0 c:/program files/winavr/bin/../lib/gcc/avr/4.3.2/avr5\libgcc.a(_copy_data.o)
 .data          0x008004d9        0x0 c:/program files/winavr/bin/../lib/gcc/avr/4.3.2/avr5\libgcc.a(_clear_bss.o)
 .data          0x008004d9        0x0 c:/program files/winavr/bin/../lib/gcc/avr/4.3.2/../../../../avr/lib/avr5\libc.a(isalpha.o)
 .data          0x008004d9        0x0 c:/program files/winavr/bin/../lib/gcc/avr/4.3.2/../../../../avr/lib/avr5\libc.a(isxdigit.o)
 .data          0x008004d9        0x0 c:/program files/winavr/bin/../lib/gcc/avr/4.3.2/../../../../avr/lib/avr5\libc.a(tolower.o)
 .data          0x008004d9        0x0 c:/program files/winavr/bin/../lib/gcc/avr/4.3.2/../../../../avr/lib/avr5\libc.a(toupper.o)
 .data          0x008004d9        0x0 c:/program files/winavr/bin/../lib/gcc/avr/4.3.2/../../../../avr/lib/avr5\libc.a(memset.o)
 .data          0x008004d9        0x0 c:/program files/winavr/bin/../lib/gcc/avr/4.3.2/../../../../avr/lib/avr5\libc.a(strchr.o)
 .data          0x008004d9        0x0 c:/program files/winavr/bin/../lib/gcc/avr/4.3.2/../../../../avr/lib/avr5\libc.a(strcpy.o)
 .data          0x008004d9        0x0 c:/program files/winavr/bin/../lib/gcc/avr/4.3.2/../../../../avr/lib/avr5\libc.a(cty_isfalse.o)
 *(.data*)
 *(.rodata)
 *(.rodata*)
 *(.gnu.linkonce.d*)
                0x008004da                . = ALIGN (0x2)
 *fill*         0x008004d9        0x1 00
                0x008004da                _edata = .
                0x008004da                PROVIDE (__data_end, .)

.bss            0x008004da      0x15f
                0x008004da                PROVIDE (__bss_start, .)
 *(.bss)
 .bss           0x008004da        0x0 c:/program files/winavr/bin/../lib/gcc/avr/4.3.2/../../../../avr/lib/avr5/crtm328p.o
 .bss           0x008004da        0x0 I2CCmd.o
 .bss           0x008004da        0x0 UART.o
 .bss           0x008004da       0x67 GetLine.o
 .bss           0x00800541        0x0 I2C.o
 .bss           0x00800541        0x0 Parse.o
 .bss           0x00800541        0x0 Serial.o
 .bss           0x00800541        0x0 c:/program files/winavr/bin/../lib/gcc/avr/4.3.2/avr5\libgcc.a(_udivmodsi4.o)
 .bss           0x00800541        0x0 c:/program files/winavr/bin/../lib/gcc/avr/4.3.2/avr5\libgcc.a(_exit.o)
 .bss           0x00800541        0x0 c:/program files/winavr/bin/../lib/gcc/avr/4.3.2/avr5\libgcc.a(_copy_data.o)
 .bss           0x00800541        0x0 c:/program files/winavr/bin/../lib/gcc/avr/4.3.2/avr5\libgcc.a(_clear_bss.o)
 .bss           0x00800541        0x0 c:/program files/winavr/bin/../lib/gcc/avr/4.3.2/../../../../avr/lib/avr5\libc.a(isalpha.o)
 .bss           0x00800541        0x0 c:/program files/winavr/bin/../lib/gcc/avr/4.3.2/../../../../avr/lib/avr5\libc.a(isxdigit.o)
 .bss           0x00800541        0x0 c:/program files/winavr/bin/../lib/gcc/avr/4.3.2/../../../../avr/lib/avr5\libc.a(tolower.o)
 .bss           0x00800541        0x0 c:/program files/winavr/bin/../lib/gcc/avr/4.3.2/../../../../avr/lib/avr5\libc.a(toupper.o)
 .bss           0x00800541        0x0 c:/program files/winavr/bin/../lib/gcc/avr/4.3.2/../../../../avr/lib/avr5\libc.a(memset.o)
 .bss           0x00800541        0x0 c:/program files/winavr/bin/../lib/gcc/avr/4.3.2/../../../../avr/lib/avr5\libc.a(strchr.o)
 .bss           0x00800541        0x0 c:/program files/winavr/bin/../lib/gcc/avr/4.3.2/../../../../avr/lib/avr5\libc.a(strcpy.o)
 .bss           0x00800541        0x0 c:/program files/winavr/bin/../lib/gcc/avr/4.3.2/../../../../avr/lib/avr5\libc.a(cty_isfalse.o)
 *(.bss*)
 *(COMMON)
 COMMON         0x00800541       0xf8 I2CCmd.o
                0x00800541                Value
                0x00800542                Status
                0x00800543                nBytes
                0x00800544                Reg
                0x00800545                Token
                0x00800547                nSlaves
                0x00800548                Buffer
                0x00800638                SlaveAddr
                0x00800639                PROVIDE (__bss_end, .)
                0x00000efc                __data_load_start = LOADADDR (.data)
                0x000012d6                __data_load_end = (__data_load_start + SIZEOF (.data))

.noinit         0x00800639       0x5e
                0x00800639                PROVIDE (__noinit_start, .)
 *(.noinit*)
 .noinit        0x00800639       0x4c UART.o
 .noinit        0x00800685        0x6 I2C.o
 .noinit        0x0080068b        0xc Parse.o
                0x00800697                PROVIDE (__noinit_end, .)
                0x00800697                _end = .
                0x00800697                PROVIDE (__heap_start, .)

.eeprom         0x00810000        0x0
 *(.eeprom*)
                0x00810000                __eeprom_end = .

.fuse
 *(.fuse)
 *(.lfuse)
 *(.hfuse)
 *(.efuse)

.lock
 *(.lock*)

.signature
 *(.signature*)

.stab
 *(.stab)

.stabstr
 *(.stabstr)

.stab.excl
 *(.stab.excl)

.stab.exclstr
 *(.stab.exclstr)

.stab.index
 *(.stab.index)

.stab.indexstr
 *(.stab.indexstr)

.comment
 *(.comment)

.debug
 *(.debug)

.line
 *(.line)

.debug_srcinfo
 *(.debug_srcinfo)

.debug_sfnames
 *(.debug_sfnames)

.debug_aranges  0x00000000       0xc0
 *(.debug_aranges)
 .debug_aranges
                0x00000000       0x20 I2CCmd.o
 .debug_aranges
                0x00000020       0x20 UART.o
 .debug_aranges
                0x00000040       0x20 GetLine.o
 .debug_aranges
                0x00000060       0x20 I2C.o
 .debug_aranges
                0x00000080       0x20 Parse.o
 .debug_aranges
                0x000000a0       0x20 Serial.o

.debug_pubnames
                0x00000000      0x265
 *(.debug_pubnames)
 .debug_pubnames
                0x00000000       0x9f I2CCmd.o
 .debug_pubnames
                0x0000009f       0x6c UART.o
 .debug_pubnames
                0x0000010b       0x5d GetLine.o
 .debug_pubnames
                0x00000168       0x5e I2C.o
 .debug_pubnames
                0x000001c6       0x2f Parse.o
 .debug_pubnames
                0x000001f5       0x70 Serial.o

.debug_info     0x00000000      0xd4d
 *(.debug_info)
 .debug_info    0x00000000      0x2fc I2CCmd.o
 .debug_info    0x000002fc      0x1f9 UART.o
 .debug_info    0x000004f5      0x1ef GetLine.o
 .debug_info    0x000006e4      0x25a I2C.o
 .debug_info    0x0000093e       0xfa Parse.o
 .debug_info    0x00000a38      0x315 Serial.o
 *(.gnu.linkonce.wi.*)

.debug_abbrev   0x00000000      0x64a
 *(.debug_abbrev)
 .debug_abbrev  0x00000000      0x148 I2CCmd.o
 .debug_abbrev  0x00000148      0x10c UART.o
 .debug_abbrev  0x00000254      0x113 GetLine.o
 .debug_abbrev  0x00000367      0x127 I2C.o
 .debug_abbrev  0x0000048e       0xab Parse.o
 .debug_abbrev  0x00000539      0x111 Serial.o

.debug_line     0x00000000      0xe05
 *(.debug_line)
 .debug_line    0x00000000      0x4e6 I2CCmd.o
 .debug_line    0x000004e6      0x1db UART.o
 .debug_line    0x000006c1      0x1f1 GetLine.o
 .debug_line    0x000008b2      0x296 I2C.o
 .debug_line    0x00000b48       0xa3 Parse.o
 .debug_line    0x00000beb      0x21a Serial.o

.debug_frame    0x00000000      0x250
 *(.debug_frame)
 .debug_frame   0x00000000       0x60 I2CCmd.o
 .debug_frame   0x00000060       0x70 UART.o
 .debug_frame   0x000000d0       0x60 GetLine.o
 .debug_frame   0x00000130       0x70 I2C.o
 .debug_frame   0x000001a0       0x30 Parse.o
 .debug_frame   0x000001d0       0x80 Serial.o

.debug_str      0x00000000      0x3d8
 *(.debug_str)
 .debug_str     0x00000000      0x176 I2CCmd.o
                                0x1d6 (size before relaxing)
 .debug_str     0x00000176       0xb1 UART.o
                                0x160 (size before relaxing)
 .debug_str     0x00000227       0x81 GetLine.o
                                0x133 (size before relaxing)
 .debug_str     0x000002a8       0x5b I2C.o
                                0x1ad (size before relaxing)
 .debug_str     0x00000303       0x2d Parse.o
                                 0xe6 (size before relaxing)
 .debug_str     0x00000330       0xa8 Serial.o
                                0x17d (size before relaxing)

.debug_loc      0x00000000      0x584
 *(.debug_loc)
 .debug_loc     0x00000000       0x66 I2CCmd.o
 .debug_loc     0x00000066       0x9e UART.o
 .debug_loc     0x00000104       0xe6 GetLine.o
 .debug_loc     0x000001ea       0x85 I2C.o
 .debug_loc     0x0000026f       0x28 Parse.o
 .debug_loc     0x00000297      0x2ed Serial.o

.debug_macinfo
 *(.debug_macinfo)
OUTPUT(I2CCmd.elf elf32-avr)
LOAD linker stubs
